Ort: Deutschland,Muster [00000]
Ortsteil: Hausen
Straße: Musterstraße 1
Ortszusatz: 
Sondersignal: Mit Sondersignal
Bemerkung: unklare Brandmeldung
Stichwort 2: F B2 5 Gruppen
Stichwort: Stichwort
Einsatzmittel: 
