Ort: Deutschland,Muster [00000]
Ortsteil: Muster
StraÃŸe: L000 Muster > Hausen
Ortszusatz: 
Sondersignal: Mit Sondersignal
Bemerkung: 
Stichwort 2: 
Stichwort: 
Einsatzmittel: Muster Vollalarm Nacht;Muster 1/10;Muster 1/11;Muster 1/12;Muster 1/13;Muster 1/14;Muster 1/15;Muster 1/16-1;Muster 1/16-2;Muster 1/16-3;Muster XX1;Muster XX2;Muster XX3;Muster XX4;Muster XX5;Hausen 1/01;Hausen Vollalarm;Hausen Vollalarm Nacht;Hausen 1/01;Hausen 1/02;Test 1/01;Test 2/00
