Ort: Deutschland,Muster [00000]
Ortsteil: Hausen
StraÃŸe: B200 Muster > Hausen
Ortszusatz: 
Sondersignal: Ohne Sondersignal
Bemerkung: 
Stichwort 2: F TH5 2 Trupp
Stichwort: - -
Einsatzmittel: Muster Kommandant
