Meldebild: TH Ölspur
Ort: Deutschland,Muster [00000]
Ortsteil: Hausen
Straße: 
Ortszusatz: 
Sondersignal: Ohne Sondersignal
Bemerkung: 
Stichwort 2: F TH5 2 Trupp
Stichwort: - -
Einsatzmittel: Muster Kommandant
