                                        ALARM ALARM ALARM

                                                                 Leitstelle
                                                                 Musterstraße 12, 00000 Muster
                                                                 Tel: 00000/0000-0 Fax: 00000/0000-000
                                                                 E-Mail: leit@stelle.de

Einsatzanlass
Meldebild                                                                   Datum: 25.01.2021
                 Mit Sondersignal
Stichwort        - -                                                   Stichwort 2 F B1 2 Gruppe

Einsatzort
Ort              Muster [00000]
Ortsteil         Hausen
Straße           Straße 1

Einsatzstatus Zeit
unerledigt       25.01.2021 00:00:00
alarmiert        25.01.2021 00:00:00

EM                            alarmiert       Wache ab        EOrt an          ZOrt ab         Ende
Muster Vollalarm Nacht        00:00:00        --:--:--        --:--:--         --:--:--        --:--:--
Muster 1-00                   00:00:00        --:--:--        --:--:--         --:--:--        --:--:--
Muster 1-01                   00:00:00        --:--:--        --:--:--         --:--:--        --:--:--
Muster 1-02                   00:00:00        --:--:--        --:--:--         --:--:--        --:--:--
Muster 2-00                   00:00:00        --:--:--        --:--:--         --:--:--        --:--:--
Muster 2-01                   00:00:00        --:--:--        --:--:--         --:--:--        --:--:--
Muster 2-02                   00:00:00        --:--:--        --:--:--         --:--:--        --:--:--
Muster B1 Nacht               00:00:00        --:--:--        --:--:--         --:--:--        --:--:--

Eskalationsstufe

gedruckt am 25.Januar 2021 00:00

                 -                                     1                                   -
