                            ALARM ALARM ALARM

                                                              Leitstelle
                                                              Musterstraße 12, 00000 Muster
                                                              Tel: 00000/0000-0      Fax: 00000/0000-000
                                                              E-Mail: leit@stelle.de

Einsatzanlass
Meldebild        B Gebäude Wohnung                                       Datum: 25.01.2021
Bemerkung        unklare Brandmeldung
                 Mit Sondersignal
Stichwort        Stichwort                                          Stichwort 2 F B2 5 Gruppen

Einsatzort
Ort
Ortsteil         Hausen
Straße           Musterstraße 1

Einsatzstatus    Zeit
unerledigt       25.01.2021 00:00:00
LK               25.01.2021 00:00:00
EMAnforderung
unerledigt       25.01.2021 00:00:00
alarmiert        25.01.2021 00:00:00

EM                            alarmiert    Wache ab        EOrt an          ZOrt ab         Ende
Muster 1/00                   00:00:00     --:--:--        --:--:--         --:--:--        --:--:--
Muster 1/11                   00:00:00     --:--:--        --:--:--         --:--:--        --:--:--
Muster AG1                    00:00:00     --:--:--        --:--:--         --:--:--        --:--:--
Muster AG2                    00:00:00     --:--:--        --:--:--         --:--:--        --:--:--

Eskalationsstufe

gedruckt am 25.Januar 2021 00:00

                 -                                  1                                   -
